Node({"author":"Nigel Rees","price":8.95,"onStock":true,"category":"reference","title":"Sayings of the Century"},0,false,None,0)