{"author":"Nigel Rees","price":8.95,"onStock":true,"category":"reference","title":"Sayings of the Century"}