List(Node(Sayings of the Century,title,false,None,0), Node(Sword of Honour,title,false,None,1))