 Map(id -> Some(Node(2,id,false,None,0)), all -> Some(Node(12.99,,false,None,0)), penny -> Some(Node(99,,false,None,0))) >> fiction
