 Map(c1 -> Some(Node(1,const,false,None,0)), c2 -> Some(Node(1,const,false,None,0))) Map(c1 -> Some(Node(1,const,false,None,0)), c2 -> Some(Node(1,const,false,None,0))) Map(c1 -> Some(Node(3,const,false,None,0)), c2 -> Some(Node(3,const,false,None,0)))