List(Node({"root":{"store":{"bicycle":{"color":"red","price":19.95},"book":[{"author":"Nigel Rees","price":8.95,"onStock":true,"category":"reference","title":"Sayings of the Century"},{"author":"Evelyn Waugh","price":12,"onStock":false,"category":"fiction","title":"Sword of Honour"},[1,2,3]]},"expensive":12}},,false,None,0), Node({"store":{"bicycle":{"color":"red","price":19.95},"book":[{"author":"Nigel Rees","price":8.95,"onStock":true,"category":"reference","title":"Sayings of the Century"},{"author":"Evelyn Waugh","price":12,"onStock":false,"category":"fiction","title":"Sword of Honour"},[1,2,3]]},"expensive":12},root,false,None,1), Node({"bicycle":{"color":"red","price":19.95},"book":[{"author":"Nigel Rees","price":8.95,"onStock":true,"category":"reference","title":"Sayings of the Century"},{"author":"Evelyn Waugh","price":12,"onStock":false,"category":"fiction","title":"Sword of Honour"},[1,2,3]]},store,false,None,2), Node({"color":"red","price":19.95},bicycle,false,None,3), Node(red,color,false,None,4), Node(19.95,price,false,None,5), Node([{"author":"Nigel Rees","price":8.95,"onStock":true,"category":"reference","title":"Sayings of the Century"},{"author":"Evelyn Waugh","price":12,"onStock":false,"category":"fiction","title":"Sword of Honour"},[1,2,3]],book,true,None,6), Node({"author":"Nigel Rees","price":8.95,"onStock":true,"category":"reference","title":"Sayings of the Century"},0,false,None,7), Node(Nigel Rees,author,false,None,8), Node(8.95,price,false,None,9), Node(true,onStock,false,None,10), Node(reference,category,false,None,11), Node(Sayings of the Century,title,false,None,12), Node({"author":"Evelyn Waugh","price":12,"onStock":false,"category":"fiction","title":"Sword of Honour"},1,false,None,13), Node(Evelyn Waugh,author,false,None,14), Node(12,price,false,None,15), Node(false,onStock,false,None,16), Node(fiction,category,false,None,17), Node(Sword of Honour,title,false,None,18), Node([1,2,3],2,true,None,19), Node(1,0,false,None,20), Node(2,1,false,None,21), Node(3,2,false,None,22), Node(12,expensive,false,None,23))