Map(x1 -> Some(Node({"const":1},0,false,None,0)), x2 -> Some(Node({"const":2},0,false,None,0)), x3 -> Some(Node({"const":3},1,false,None,0)))