(Some(Some(Node(8.95,price,false,None,0))), Some(Some(Node(Sayings of the Century,title,false,None,0))));(Some(Some(Node(12,price,false,None,0))), Some(Some(Node(Sword of Honour,title,false,None,0))));