List(Node({"author":"Nigel Rees","price":8.95,"onStock":true,"category":"reference","title":"Sayings of the Century"},0,false,None,0), Node({"author":"Evelyn Waugh","price":12,"onStock":false,"category":"fiction","title":"Sword of Honour"},1,false,None,1), Node([1,2,3],2,true,None,2))