Node({"author":"Evelyn Waugh","price":12,"onStock":false,"category":"fiction","title":"Sword of Honour"},1,false,None,0)